2026-09-14T10:42:14.940392Z  INFO backstitch_rust_core::helpers::tracing: 98: Tracing subscriber initialized
2026-09-14T10:42:14.940425Z  INFO backstitch_rust_core::interop::extension: 29: ** on_level_init: Scene
2026-09-14T10:42:14.942686Z  INFO backstitch_rust_core::interop::extension: 46: ** on_level_init: Editor
2026-09-14T10:42:14.947506Z DEBUG backstitch_rust_core::interop::godot_project: 978: ** GodotProjectPlugin: enter_tree
2026-09-14T10:42:15.880163Z  INFO backstitch_rust_core::interop::godot_project: 734: Backstitch config has no project id, not autostarting...
2026-09-14T10:43:18.657148Z  INFO backstitch_rust_core::project::project_starter: 27: Starting a project...
2026-09-14T10:43:18.659870Z  INFO backstitch_rust_core::project::project_starter: 94: Creating with mode: New
2026-09-14T10:43:18.659887Z  INFO backstitch_rust_core::project::project_starter: 119: Starting GodotProject with metadata doc id: None
2026-09-14T10:43:18.659895Z DEBUG backstitch_rust_core::project::project_starter: 124: Attempting to create driver...
2026-09-14T10:43:18.660397Z  INFO samod_core::loader: 123: no storage ID found, generating a new one
2026-09-14T10:43:18.660793Z  INFO fjall::db: 817: Creating database at /home/slime/Documents/Hack Club/Godot/briwats-first/.backstitch/index.bin
2026-09-14T10:43:18.664214Z  INFO backstitch_rust_core::project::project_base: 216: START STATUS CHANGED Starting
2026-09-14T10:43:18.698658Z  INFO lsm_tree::tree::ingest: 268: Finished ingestion writer
2026-09-14T10:43:18.750434Z  INFO lsm_tree::tree::ingest: 268: Finished ingestion writer
2026-09-14T10:43:18.759004Z DEBUG backstitch_rust_core::project::project_starter: 139: Created driver. Setting up new project...
2026-09-14T10:43:18.759059Z  INFO backstitch_rust_core::project::branch_db::branch: 20: Creating new metadata doc...
2026-09-14T10:43:18.759079Z  INFO backstitch_rust_core::project::change_ingester: 170: Can't get changes; nothing checked out!
2026-09-14T10:43:18.761755Z  INFO backstitch_rust_core::project::fs::sync_fs_to_automerge: 206: Checking in files at ref Some(HistoryRef { branch: 2wKZnkmt9Qn5pxaqNfCBNivT2rrA, heads: [ChangeHash("37e0b9f5434098753482fd036018c10f131ae3feab56483b4528868ffba16a3e")] })
2026-09-14T10:43:18.761812Z DEBUG backstitch_rust_core::project::document_watcher: 135: Found document 2wKZnkmt9Qn5pxaqNfCBNivT2rrA
2026-09-14T10:43:18.761978Z DEBUG backstitch_rust_core::project::branch_db::branch_sync: 202: Updating branch sync state...
2026-09-14T10:43:18.763238Z DEBUG backstitch_rust_core::project::branch_db::branch_sync: 283: Reconcile starting...
2026-09-14T10:43:18.763424Z DEBUG backstitch_rust_core::project::branch_db::branch_sync: 319: Reconcile completed.
2026-09-14T10:43:18.767304Z  INFO backstitch_rust_core::project::fs::sync_fs_to_automerge: 217: Successfully hashed 13 files
2026-09-14T10:43:18.769097Z  INFO backstitch_rust_core::project::branch_db::commit: 150: Attempting to commit 13 changes...
2026-09-14T10:43:18.831962Z DEBUG backstitch_rust_core::project::branch_db::commit: 269: Attempting reconcile...
2026-09-14T10:43:18.832106Z DEBUG backstitch_rust_core::project::branch_db::branch_sync: 283: Reconcile starting...
2026-09-14T10:43:18.928622Z DEBUG backstitch_rust_core::project::branch_db::branch_sync: 319: Reconcile completed.
2026-09-14T10:43:18.928806Z DEBUG backstitch_rust_core::project::branch_db::branch_sync: 202: Updating branch sync state...
2026-09-14T10:43:18.928921Z  INFO backstitch_rust_core::project::branch_db::commit: 275: Committed 13 files.
2026-09-14T10:43:18.929046Z DEBUG backstitch_rust_core::project::branch_db::branch_sync: 278: Could not reconcile because we're already up-to-date.
2026-09-14T10:43:18.929151Z DEBUG backstitch_rust_core::project::project_starter: 162: Successfully set up project. Checking for local changes...
2026-09-14T10:43:18.929174Z DEBUG backstitch_rust_core::project::project_starter: 212: Starting sync...
2026-09-14T10:43:18.937656Z  INFO backstitch_rust_core::project::project_base: 216: START STATUS CHANGED Done
2026-09-14T10:43:18.937736Z  INFO backstitch_rust_core::project::project_base: 91: Ingesting changes...
2026-09-14T10:44:02.278351Z ERROR backstitch_rust_core::project::config: 153: Error setting user_name: No such file or directory (os error 2)
2026-09-14T10:56:26.683697Z DEBUG backstitch_rust_core::project::fs::fs_watcher: 34: handling filesystem event: "/home/slime/Documents/Hack Club/Godot/briwats-first/scenes"
2026-09-14T10:56:29.641380Z DEBUG backstitch_rust_core::project::fs::fs_watcher: 34: handling filesystem event: "/home/slime/Documents/Hack Club/Godot/briwats-first/scenes/game.tscn"
2026-09-14T10:56:29.646591Z  INFO backstitch_rust_core::project::fs::sync_fs_to_automerge: 112: There are 1 watched changes, attempting to commit...
2026-09-14T10:56:29.649483Z DEBUG backstitch_rust_core::project::fs::sync_fs_to_automerge: 161: Current changes: {"/home/slime/Documents/Hack Club/Godot/briwats-first/scenes/game.tscn": Created, "/home/slime/Documents/Hack Club/Godot/briwats-first/addons/godot_super-wakatime/api_key_prompt.tscn": Modified, "/home/slime/Documents/Hack Club/Godot/briwats-first/addons/godot_super-wakatime/counter.tscn": Modified}
2026-09-14T10:56:29.653303Z  INFO commit_fs_changes: backstitch_rust_core::project::branch_db::commit: 150: Attempting to commit 3 changes...
2026-09-14T10:56:29.684488Z DEBUG commit_fs_changes: backstitch_rust_core::project::branch_db::commit: 269: Attempting reconcile...
2026-09-14T10:56:29.684703Z DEBUG backstitch_rust_core::project::branch_db::branch_sync: 283: Reconcile starting...
2026-09-14T10:56:29.688579Z DEBUG backstitch_rust_core::project::branch_db::branch_sync: 319: Reconcile completed.
2026-09-14T10:56:29.688725Z  INFO commit_fs_changes: backstitch_rust_core::project::branch_db::commit: 275: Committed 3 files.
2026-09-14T10:56:29.688775Z  INFO backstitch_rust_core::project::fs::sync_fs_to_automerge: 173: Successfully made a commit! HistoryRef { branch: 2wKZnkmt9Qn5pxaqNfCBNivT2rrA, heads: [ChangeHash("d80636709bc19f16357b1b589d301add69eea81767b68c41eb7c0206c1bbac4d")] }
2026-09-14T10:56:29.688865Z DEBUG backstitch_rust_core::project::driver: 895: Queueing normalization of file "/home/slime/Documents/Hack Club/Godot/briwats-first/addons/godot_super-wakatime/api_key_prompt.tscn"
2026-09-14T10:56:29.688883Z DEBUG backstitch_rust_core::project::driver: 895: Queueing normalization of file "/home/slime/Documents/Hack Club/Godot/briwats-first/addons/godot_super-wakatime/counter.tscn"
2026-09-14T10:56:29.689265Z DEBUG backstitch_rust_core::project::branch_db::branch_sync: 202: Updating branch sync state...
2026-09-14T10:56:29.689578Z DEBUG backstitch_rust_core::project::branch_db::branch_sync: 278: Could not reconcile because we're already up-to-date.
2026-09-14T10:56:29.690148Z  INFO backstitch_rust_core::project::branch_db::file: 278: Getting 2 files at ref HistoryRef { branch: 2wKZnkmt9Qn5pxaqNfCBNivT2rrA, heads: [ChangeHash("d80636709bc19f16357b1b589d301add69eea81767b68c41eb7c0206c1bbac4d")] }
2026-09-14T10:56:29.699226Z DEBUG backstitch_rust_core::project::driver: 928: Normalizing "/home/slime/Documents/Hack Club/Godot/briwats-first/addons/godot_super-wakatime/api_key_prompt.tscn"...
2026-09-14T10:56:29.699387Z DEBUG backstitch_rust_core::project::driver: 950: Updating file "/home/slime/Documents/Hack Club/Godot/briwats-first/addons/godot_super-wakatime/api_key_prompt.tscn"...
2026-09-14T10:56:29.699722Z  WARN backstitch_rust_core::project::fs::sync_automerge_to_fs: 108: File "/home/slime/Documents/Hack Club/Godot/briwats-first/addons/godot_super-wakatime/api_key_prompt.tscn" already exists with a different hash; overwriting.
2026-09-14T10:56:29.700128Z  INFO backstitch_rust_core::project::fs::sync_automerge_to_fs: 138: Successfully modified "/home/slime/Documents/Hack Club/Godot/briwats-first/addons/godot_super-wakatime/api_key_prompt.tscn"
2026-09-14T10:56:29.700166Z DEBUG backstitch_rust_core::project::driver: 928: Normalizing "/home/slime/Documents/Hack Club/Godot/briwats-first/addons/godot_super-wakatime/counter.tscn"...
2026-09-14T10:56:29.700344Z DEBUG backstitch_rust_core::project::driver: 950: Updating file "/home/slime/Documents/Hack Club/Godot/briwats-first/addons/godot_super-wakatime/counter.tscn"...
2026-09-14T10:56:29.700440Z  WARN backstitch_rust_core::project::fs::sync_automerge_to_fs: 108: File "/home/slime/Documents/Hack Club/Godot/briwats-first/addons/godot_super-wakatime/counter.tscn" already exists with a different hash; overwriting.
2026-09-14T10:56:29.700624Z  INFO backstitch_rust_core::project::fs::sync_automerge_to_fs: 138: Successfully modified "/home/slime/Documents/Hack Club/Godot/briwats-first/addons/godot_super-wakatime/counter.tscn"
2026-09-14T10:56:29.700731Z  INFO backstitch_rust_core::project::project_base: 91: Ingesting changes...
2026-09-14T10:56:29.817127Z DEBUG backstitch_rust_core::project::fs::fs_watcher: 34: handling filesystem event: "/home/slime/Documents/Hack Club/Godot/briwats-first/addons/godot_super-wakatime/api_key_prompt.tscn"
2026-09-14T10:56:29.817163Z DEBUG backstitch_rust_core::project::fs::fs_watcher: 34: handling filesystem event: "/home/slime/Documents/Hack Club/Godot/briwats-first/addons/godot_super-wakatime/counter.tscn"
2026-09-14T10:56:29.822464Z  INFO backstitch_rust_core::project::fs::sync_fs_to_automerge: 112: There are 2 watched changes, attempting to commit...
2026-09-14T10:56:29.824515Z  INFO backstitch_rust_core::project::fs::sync_fs_to_automerge: 156: Did not commit anything because there's no diff.
2026-09-14T10:58:32.929824Z DEBUG backstitch_rust_core::project::fs::fs_watcher: 34: handling filesystem event: "/home/slime/Documents/Hack Club/Godot/briwats-first/scenes/player.tscn"
2026-09-14T10:58:32.930873Z  INFO backstitch_rust_core::project::fs::sync_fs_to_automerge: 112: There are 1 watched changes, attempting to commit...
2026-09-14T10:58:32.932073Z DEBUG backstitch_rust_core::project::fs::sync_fs_to_automerge: 161: Current changes: {"/home/slime/Documents/Hack Club/Godot/briwats-first/scenes/player.tscn": Created}
2026-09-14T10:58:32.932613Z  INFO commit_fs_changes: backstitch_rust_core::project::branch_db::commit: 150: Attempting to commit 1 changes...
2026-09-14T10:58:32.940658Z DEBUG commit_fs_changes: backstitch_rust_core::project::branch_db::commit: 269: Attempting reconcile...
2026-09-14T10:58:32.940773Z DEBUG backstitch_rust_core::project::branch_db::branch_sync: 283: Reconcile starting...
2026-09-14T10:58:32.942963Z DEBUG backstitch_rust_core::project::branch_db::branch_sync: 319: Reconcile completed.
2026-09-14T10:58:32.943094Z  INFO commit_fs_changes: backstitch_rust_core::project::branch_db::commit: 275: Committed 1 files.
2026-09-14T10:58:32.943137Z  INFO backstitch_rust_core::project::fs::sync_fs_to_automerge: 173: Successfully made a commit! HistoryRef { branch: 2wKZnkmt9Qn5pxaqNfCBNivT2rrA, heads: [ChangeHash("ef5ce1858e0cf25d585e3c326c834b9489ced5d17ed3222b3b2d6cddeab9d584")] }
2026-09-14T10:58:32.943523Z DEBUG backstitch_rust_core::project::branch_db::branch_sync: 202: Updating branch sync state...
2026-09-14T10:58:32.943795Z DEBUG backstitch_rust_core::project::branch_db::branch_sync: 278: Could not reconcile because we're already up-to-date.
2026-09-14T10:58:32.945612Z  INFO backstitch_rust_core::project::project_base: 91: Ingesting changes...
2026-09-14T10:58:44.338097Z DEBUG backstitch_rust_core::project::fs::fs_watcher: 34: handling filesystem event: "/home/slime/Documents/Hack Club/Godot/briwats-first/scripts"
2026-09-14T10:58:48.549849Z DEBUG backstitch_rust_core::project::fs::fs_watcher: 34: handling filesystem event: "/home/slime/Documents/Hack Club/Godot/briwats-first/scripts/player.gd"
2026-09-14T10:58:48.553908Z  INFO backstitch_rust_core::project::fs::sync_fs_to_automerge: 112: There are 1 watched changes, attempting to commit...
2026-09-14T10:58:48.555780Z DEBUG backstitch_rust_core::project::fs::sync_fs_to_automerge: 161: Current changes: {"/home/slime/Documents/Hack Club/Godot/briwats-first/scripts/player.gd": Created, "/home/slime/Documents/Hack Club/Godot/briwats-first/scripts/player.gd.uid": Created}
2026-09-14T10:58:48.555906Z  INFO commit_fs_changes: backstitch_rust_core::project::branch_db::commit: 150: Attempting to commit 2 changes...
2026-09-14T10:58:48.557190Z DEBUG commit_fs_changes: backstitch_rust_core::project::branch_db::commit: 269: Attempting reconcile...
2026-09-14T10:58:48.557434Z DEBUG backstitch_rust_core::project::branch_db::branch_sync: 283: Reconcile starting...
2026-09-14T10:58:48.560077Z DEBUG backstitch_rust_core::project::branch_db::branch_sync: 319: Reconcile completed.
2026-09-14T10:58:48.560129Z  INFO commit_fs_changes: backstitch_rust_core::project::branch_db::commit: 275: Committed 2 files.
2026-09-14T10:58:48.560167Z  INFO backstitch_rust_core::project::fs::sync_fs_to_automerge: 173: Successfully made a commit! HistoryRef { branch: 2wKZnkmt9Qn5pxaqNfCBNivT2rrA, heads: [ChangeHash("cc16526e5e4475d9a9a9a4e1dd2ae26df926835320b0662f09ba17fe5014bc11")] }
2026-09-14T10:58:48.560624Z DEBUG backstitch_rust_core::project::branch_db::branch_sync: 202: Updating branch sync state...
2026-09-14T10:58:48.560772Z DEBUG backstitch_rust_core::project::branch_db::branch_sync: 278: Could not reconcile because we're already up-to-date.
2026-09-14T10:58:48.574984Z DEBUG backstitch_rust_core::project::fs::fs_watcher: 34: handling filesystem event: "/home/slime/Documents/Hack Club/Godot/briwats-first/scripts/player.gd.uid"
2026-09-14T10:58:48.578040Z  INFO backstitch_rust_core::project::fs::sync_fs_to_automerge: 112: There are 1 watched changes, attempting to commit...
2026-09-14T10:58:48.579369Z  INFO backstitch_rust_core::project::fs::sync_fs_to_automerge: 156: Did not commit anything because there's no diff.
2026-09-14T10:58:48.607735Z  INFO backstitch_rust_core::project::project_base: 91: Ingesting changes...
2026-09-14T10:58:50.304910Z DEBUG backstitch_rust_core::project::fs::fs_watcher: 34: handling filesystem event: "/home/slime/Documents/Hack Club/Godot/briwats-first/scenes/player.tscn"
2026-09-14T10:58:50.307001Z  INFO backstitch_rust_core::project::fs::sync_fs_to_automerge: 112: There are 1 watched changes, attempting to commit...
2026-09-14T10:58:50.308523Z DEBUG backstitch_rust_core::project::fs::sync_fs_to_automerge: 161: Current changes: {"/home/slime/Documents/Hack Club/Godot/briwats-first/scenes/player.tscn": Modified}
2026-09-14T10:58:50.309012Z  INFO commit_fs_changes: backstitch_rust_core::project::branch_db::commit: 150: Attempting to commit 1 changes...
2026-09-14T10:58:50.316755Z DEBUG commit_fs_changes: backstitch_rust_core::project::branch_db::commit: 269: Attempting reconcile...
2026-09-14T10:58:50.316864Z DEBUG backstitch_rust_core::project::branch_db::branch_sync: 283: Reconcile starting...
2026-09-14T10:58:50.317797Z DEBUG backstitch_rust_core::project::branch_db::branch_sync: 319: Reconcile completed.
2026-09-14T10:58:50.317872Z  INFO commit_fs_changes: backstitch_rust_core::project::branch_db::commit: 275: Committed 1 files.
2026-09-14T10:58:50.317926Z  INFO backstitch_rust_core::project::fs::sync_fs_to_automerge: 173: Successfully made a commit! HistoryRef { branch: 2wKZnkmt9Qn5pxaqNfCBNivT2rrA, heads: [ChangeHash("f91191d7e34983dad6975ec2c587dcb97507f3e52d7b777094107f59ab6ce831")] }
2026-09-14T10:58:50.318442Z DEBUG backstitch_rust_core::project::branch_db::branch_sync: 202: Updating branch sync state...
2026-09-14T10:58:50.319141Z DEBUG backstitch_rust_core::project::branch_db::branch_sync: 278: Could not reconcile because we're already up-to-date.
2026-09-14T10:58:50.735909Z  INFO backstitch_rust_core::project::project_base: 91: Ingesting changes...
